[    0.000000] Linux version 4.15.0-96-generic (buildd@lgw01-amd64-004) (gcc version 7.5.0 (Ubuntu 7.5.0-3ubuntu1~18.04)) #97-Ubuntu SMP Wed Apr 1 03:25:46 UTC 2020 (Ubuntu 4.15.0-96.97-generic 4.15.18)
[    0.000000] Command line: BOOT_IMAGE=/boot/vmlinuz-4.15.0-96-generic root=LABEL=cloudimg-rootfs ro console=tty1 console=ttyS0
[    0.000000] KERNEL supported cpus:
[    0.000000]   Intel GenuineIntel
[    0.000000]   AMD AuthenticAMD
[    0.000000]   Centaur CentaurHauls
[    0.000000] x86/fpu: Supporting XSAVE feature 0x001: 'x87 floating point registers'
[    0.000000] x86/fpu: Supporting XSAVE feature 0x002: 'SSE registers'
[    0.000000] x86/fpu: Supporting XSAVE feature 0x004: 'AVX registers'
[    0.000000] x86/fpu: xstate_offset[2]:  576, xstate_sizes[2]:  256
[    0.000000] x86/fpu: Enabled xstate features 0x7, context size is 832 bytes, using 'standard' format.
[    0.000000] e820: BIOS-provided physical RAM map:
[    0.000000] BIOS-e820: [mem 0x0000000000000000-0x000000000009fbff] usable
[    0.000000] BIOS-e820: [mem 0x000000000009fc00-0x000000000009ffff] reserved
[    0.000000] BIOS-e820: [mem 0x00000000000f0000-0x00000000000fffff] reserved
[    0.000000] BIOS-e820: [mem 0x0000000000100000-0x000000003ffeffff] usable
[    0.000000] BIOS-e820: [mem 0x000000003fff0000-0x000000003fffffff] ACPI data
[    0.000000] BIOS-e820: [mem 0x00000000fec00000-0x00000000fec00fff] reserved
[    0.000000] BIOS-e820: [mem 0x00000000fee00000-0x00000000fee00fff] reserved
[    0.000000] BIOS-e820: [mem 0x00000000fffc0000-0x00000000ffffffff] reserved
[    0.000000] NX (Execute Disable) protection: active
[    0.000000] SMBIOS 2.5 present.
[    0.000000] DMI: innotek GmbH VirtualBox/VirtualBox, BIOS VirtualBox 12/01/2006
[    0.000000] Hypervisor detected: KVM
[    0.000000] e820: last_pfn = 0x3fff0 max_arch_pfn = 0x400000000
[    0.000000] MTRR: Disabled
[    0.000000] x86/PAT: MTRRs disabled, skipping PAT initialization too.
[    0.000000] CPU MTRRs all blank - virtualized system.
[    0.000000] x86/PAT: Configuration [0-7]: WB  WT  UC- UC  WB  WT  UC- UC  
[    0.000000] found SMP MP-table at [mem 0x0009fff0-0x0009ffff]
[    0.000000] Scanning 1 areas for low memory corruption
[    0.000000] RAMDISK: [mem 0x35a6d000-0x36d2dfff]
[    0.000000] ACPI: Early table checksum verification disabled
[    0.000000] ACPI: RSDP 0x00000000000E0000 000024 (v02 VBOX  )
[    0.000000] ACPI: XSDT 0x000000003FFF0030 00003C (v01 VBOX   VBOXXSDT 00000001 ASL  00000061)
[    0.000000] ACPI: FACP 0x000000003FFF00F0 0000F4 (v04 VBOX   VBOXFACP 00000001 ASL  00000061)
[    0.000000] ACPI: DSDT 0x000000003FFF0470 002325 (v02 VBOX   VBOXBIOS 00000002 INTL 20200214)
[    0.000000] ACPI: FACS 0x000000003FFF0200 000040
[    0.000000] ACPI: FACS 0x000000003FFF0200 000040
[    0.000000] ACPI: APIC 0x000000003FFF0240 00005C (v02 VBOX   VBOXAPIC 00000001 ASL  00000061)
[    0.000000] ACPI: SSDT 0x000000003FFF02A0 0001CC (v01 VBOX   VBOXCPUT 00000002 INTL 20200214)
[    0.000000] No NUMA configuration found
[    0.000000] Faking a node at [mem 0x0000000000000000-0x000000003ffeffff]
[    0.000000] NODE_DATA(0) allocated [mem 0x3ffc5000-0x3ffeffff]
[    0.000000] kvm-clock: cpu 0, msr 0:3ff44001, primary cpu clock
[    0.000000] kvm-clock: Using msrs 4b564d01 and 4b564d00
[    0.000000] kvm-clock: using sched offset of 3634551519 cycles
[    0.000000] clocksource: kvm-clock: mask: 0xffffffffffffffff max_cycles: 0x1cd42e4dffb, max_idle_ns: 881590591483 ns
[    0.000000] Zone ranges:
[    0.000000]   DMA      [mem 0x0000000000001000-0x0000000000ffffff]
[    0.000000]   DMA32    [mem 0x0000000001000000-0x000000003ffeffff]
[    0.000000]   Normal   empty
[    0.000000]   Device   empty
[    0.000000] Movable zone start for each node
[    0.000000] Early memory node ranges
[    0.000000]   node   0: [mem 0x0000000000001000-0x000000000009efff]
[    0.000000]   node   0: [mem 0x0000000000100000-0x000000003ffeffff]
[    0.000000] Reserved but unavailable: 98 pages
[    0.000000] Initmem setup node 0 [mem 0x0000000000001000-0x000000003ffeffff]
[    0.000000] ACPI: PM-Timer IO Port: 0x4008
[    0.000000] IOAPIC[0]: apic_id 2, version 32, address 0xfec00000, GSI 0-23
[    0.000000] ACPI: INT_SRC_OVR (bus 0 bus_irq 0 global_irq 2 dfl dfl)
[    0.000000] ACPI: INT_SRC_OVR (bus 0 bus_irq 9 global_irq 9 low level)
[    0.000000] Using ACPI (MADT) for SMP configuration information
[    0.000000] smpboot: Allowing 2 CPUs, 0 hotplug CPUs
[    0.000000] PM: Registered nosave memory: [mem 0x00000000-0x00000fff]
[    0.000000] PM: Registered nosave memory: [mem 0x0009f000-0x0009ffff]
[    0.000000] PM: Registered nosave memory: [mem 0x000a0000-0x000effff]
[    0.000000] PM: Registered nosave memory: [mem 0x000f0000-0x000fffff]
[    0.000000] e820: [mem 0x40000000-0xfebfffff] available for PCI devices
[    0.000000] Booting paravirtualized kernel on KVM
[    0.000000] clocksource: refined-jiffies: mask: 0xffffffff max_cycles: 0xffffffff, max_idle_ns: 7645519600211568 ns
[    0.000000] random: get_random_bytes called from start_kernel+0x99/0x4fd with crng_init=0
[    0.000000] setup_percpu: NR_CPUS:8192 nr_cpumask_bits:2 nr_cpu_ids:2 nr_node_ids:1
[    0.000000] percpu: Embedded 45 pages/cpu s147456 r8192 d28672 u1048576
[    0.000000] PV qspinlock hash table entries: 256 (order: 0, 4096 bytes)
[    0.000000] Built 1 zonelists, mobility grouping on.  Total pages: 257913
[    0.000000] Policy zone: DMA32
[    0.000000] Kernel command line: BOOT_IMAGE=/boot/vmlinuz-4.15.0-96-generic root=LABEL=cloudimg-rootfs ro console=tty1 console=ttyS0
[    0.000000] Memory: 983064K/1048120K available (12300K kernel code, 2481K rwdata, 4264K rodata, 2432K init, 2712K bss, 65056K reserved, 0K cma-reserved)
[    0.000000] SLUB: HWalign=64, Order=0-3, MinObjects=0, CPUs=2, Nodes=1
[    0.000000] Kernel/User page tables isolation: enabled
[    0.000000] ftrace: allocating 39351 entries in 154 pages
[    0.004000] Hierarchical RCU implementation.
[    0.004000] 	RCU restricting CPUs from NR_CPUS=8192 to nr_cpu_ids=2.
[    0.004000] 	Tasks RCU enabled.
[    0.004000] RCU: Adjusting geometry for rcu_fanout_leaf=16, nr_cpu_ids=2
[    0.004000] NR_IRQS: 524544, nr_irqs: 440, preallocated irqs: 16
[    0.004000] Console: colour VGA+ 80x25
[    0.004000] console [tty1] enabled
[    0.004000] console [ttyS0] enabled
[    0.004000] ACPI: Core revision 20170831
[    0.004000] ACPI: 2 ACPI AML tables successfully acquired and loaded
[    0.004000] APIC: Switch to symmetric I/O mode setup
[    0.004000] x2apic enabled
[    0.004000] Switched APIC routing to physical x2apic.
[    0.004000] ..TIMER: vector=0x30 apic1=0 pin1=2 apic2=-1 pin2=-1
[    0.004005] tsc: Detected 2594.096 MHz processor
[    0.004750] Calibrating delay loop (skipped) preset value.. 5188.19 BogoMIPS (lpj=10376384)
[    0.005297] pid_max: default: 32768 minimum: 301
[    0.006050] Security Framework initialized
[    0.006708] Yama: becoming mindful.
[    0.008026] AppArmor: AppArmor initialized
[    0.009478] Dentry cache hash table entries: 131072 (order: 8, 1048576 bytes)
[    0.010675] Inode-cache hash table entries: 65536 (order: 7, 524288 bytes)
[    0.012018] Mount-cache hash table entries: 2048 (order: 2, 16384 bytes)
[    0.013073] Mountpoint-cache hash table entries: 2048 (order: 2, 16384 bytes)
[    0.014468] Last level iTLB entries: 4KB 512, 2MB 8, 4MB 8
[    0.015331] Last level dTLB entries: 4KB 512, 2MB 32, 4MB 32, 1GB 0
[    0.016004] Spectre V1 : Mitigation: usercopy/swapgs barriers and __user pointer sanitization
[    0.017342] Spectre V2 : Mitigation: Full generic retpoline
[    0.018209] Spectre V2 : Spectre v2 / SpectreRSB mitigation: Filling RSB on context switch
[    0.020002] Speculative Store Bypass: Vulnerable
[    0.020805] MDS: Mitigation: Clear CPU buffers
[    0.021691] Freeing SMP alternatives memory: 36K
[    0.132872] smpboot: CPU0: Intel(R) Core(TM) i5-3320M CPU @ 2.60GHz (family: 0x6, model: 0x3a, stepping: 0x9)
[    0.134616] Performance Events: unsupported p6 CPU model 58 no PMU driver, software events only.
[    0.136000] Hierarchical SRCU implementation.
[    0.136531] NMI watchdog: Perf event create on CPU 0 failed with -2
[    0.137500] NMI watchdog: Perf NMI watchdog permanently disabled
[    0.138478] smp: Bringing up secondary CPUs ...
[    0.139301] x86: Booting SMP configuration:
[    0.139981] .... node  #0, CPUs:      #1
[    0.004000] kvm-clock: cpu 1, msr 0:3ff44041, secondary cpu clock
[    0.144020] smp: Brought up 1 node, 2 CPUs
[    0.144754] smpboot: Max logical packages: 1
[    0.145436] smpboot: Total of 2 processors activated (10376.38 BogoMIPS)
[    0.146597] devtmpfs: initialized
[    0.146597] x86/mm: Memory block size: 128MB
[    0.148157] evm: security.selinux
[    0.148714] evm: security.SMACK64
[    0.149265] evm: security.SMACK64EXEC
[    0.149865] evm: security.SMACK64TRANSMUTE
[    0.150525] evm: security.SMACK64MMAP
[    0.151125] evm: security.apparmor
[    0.152003] evm: security.ima
[    0.152509] evm: security.capability
[    0.153137] clocksource: jiffies: mask: 0xffffffff max_cycles: 0xffffffff, max_idle_ns: 7645041785100000 ns
[    0.153491] futex hash table entries: 512 (order: 3, 32768 bytes)
[    0.155156] pinctrl core: initialized pinctrl subsystem
[    0.156140] RTC time: 10:59:15, date: 05/07/20
[    0.157322] NET: Registered protocol family 16
[    0.158390] audit: initializing netlink subsys (disabled)
[    0.160045] audit: type=2000 audit(1588849161.121:1): state=initialized audit_enabled=0 res=1
[    0.161836] cpuidle: using governor ladder
[    0.161836] cpuidle: using governor menu
[    0.164060] ACPI: bus type PCI registered
[    0.164909] acpiphp: ACPI Hot Plug PCI Controller Driver version: 0.5
[    0.166378] PCI: Using configuration type 1 for base access
[    0.169049] HugeTLB registered 2.00 MiB page size, pre-allocated 0 pages
[    0.169420] ACPI: Added _OSI(Module Device)
[    0.172011] ACPI: Added _OSI(Processor Device)
[    0.172961] ACPI: Added _OSI(3.0 _SCP Extensions)
[    0.173958] ACPI: Added _OSI(Processor Aggregator Device)
[    0.175098] ACPI: Added _OSI(Linux-Dell-Video)
[    0.176006] ACPI: Added _OSI(Linux-Lenovo-NV-HDMI-Audio)
[    0.177090] ACPI: Added _OSI(Linux-HPI-Hybrid-Graphics)
[    0.178284] ACPI: Executed 1 blocks of module-level executable AML code
[    0.183375] ACPI: Interpreter enabled
[    0.184015] ACPI: (supports S0 S5)
[    0.184583] ACPI: Using IOAPIC for interrupt routing
[    0.185619] PCI: Using host bridge windows from ACPI; if necessary, use "pci=nocrs" and report a bug
[    0.187214] ACPI: Enabled 2 GPEs in block 00 to 07
[    0.194377] ACPI: PCI Root Bridge [PCI0] (domain 0000 [bus 00-ff])
[    0.195387] acpi PNP0A03:00: _OSC: OS supports [ASPM ClockPM Segments MSI]
[    0.196529] acpi PNP0A03:00: _OSC: not requesting OS control; OS requires [ExtendedConfig ASPM ClockPM MSI]
[    0.198027] acpi PNP0A03:00: fail to add MMCONFIG information, can't access extended PCI configuration space under this bridge.
[    0.200405] PCI host bridge to bus 0000:00
[    0.201070] pci_bus 0000:00: root bus resource [io  0x0000-0x0cf7 window]
[    0.202097] pci_bus 0000:00: root bus resource [io  0x0d00-0xffff window]
[    0.203124] pci_bus 0000:00: root bus resource [mem 0x000a0000-0x000bffff window]
[    0.204004] pci_bus 0000:00: root bus resource [mem 0x40000000-0xfdffffff window]
[    0.205210] pci_bus 0000:00: root bus resource [bus 00-ff]
[    0.208777] pci 0000:00:01.1: legacy IDE quirk: reg 0x10: [io  0x01f0-0x01f7]
[    0.209934] pci 0000:00:01.1: legacy IDE quirk: reg 0x14: [io  0x03f6]
[    0.211005] pci 0000:00:01.1: legacy IDE quirk: reg 0x18: [io  0x0170-0x0177]
[    0.212003] pci 0000:00:01.1: legacy IDE quirk: reg 0x1c: [io  0x0376]
[    0.236215] pci 0000:00:07.0: quirk: [io  0x4000-0x403f] claimed by PIIX4 ACPI
[    0.237919] pci 0000:00:07.0: quirk: [io  0x4100-0x410f] claimed by PIIX4 SMB
[    0.248100] ACPI: PCI Interrupt Link [LNKA] (IRQs 5 9 10 *11)
[    0.249593] ACPI: PCI Interrupt Link [LNKB] (IRQs 5 9 *10 11)
[    0.250788] ACPI: PCI Interrupt Link [LNKC] (IRQs 5 *9 10 11)
[    0.252071] ACPI: PCI Interrupt Link [LNKD] (IRQs 5 9 10 *11)
[    0.253622] SCSI subsystem initialized
[    0.254430] pci 0000:00:02.0: vgaarb: setting as boot VGA device
[    0.254430] pci 0000:00:02.0: vgaarb: VGA device added: decodes=io+mem,owns=io+mem,locks=none
[    0.256016] pci 0000:00:02.0: vgaarb: bridge control possible
[    0.257074] vgaarb: loaded
[    0.257667] ACPI: bus type USB registered
[    0.260043] usbcore: registered new interface driver usbfs
[    0.261080] usbcore: registered new interface driver hub
[    0.262090] usbcore: registered new device driver usb
[    0.263119] EDAC MC: Ver: 3.0.0
[    0.264166] PCI: Using ACPI for IRQ routing
[    0.264991] NetLabel: Initializing
[    0.265563] NetLabel:  domain hash size = 128
[    0.266260] NetLabel:  protocols = UNLABELED CIPSOv4 CALIPSO
[    0.267152] NetLabel:  unlabeled traffic allowed by default
[    0.268101] clocksource: Switched to clocksource kvm-clock
[    0.280587] VFS: Disk quotas dquot_6.6.0
[    0.281337] VFS: Dquot-cache hash table entries: 512 (order 0, 4096 bytes)
[    0.282486] AppArmor: AppArmor Filesystem Enabled
[    0.283289] pnp: PnP ACPI init
[    0.284885] pnp: PnP ACPI: found 3 devices
[    0.297269] clocksource: acpi_pm: mask: 0xffffff max_cycles: 0xffffff, max_idle_ns: 2085701024 ns
[    0.298756] NET: Registered protocol family 2
[    0.299726] TCP established hash table entries: 8192 (order: 4, 65536 bytes)
[    0.300902] TCP bind hash table entries: 8192 (order: 5, 131072 bytes)
[    0.302557] TCP: Hash tables configured (established 8192 bind 8192)
[    0.303644] UDP hash table entries: 512 (order: 2, 16384 bytes)
[    0.304597] UDP-Lite hash table entries: 512 (order: 2, 16384 bytes)
[    0.305608] NET: Registered protocol family 1
[    0.306318] pci 0000:00:00.0: Limiting direct PCI/PCI transfers
[    0.307261] pci 0000:00:01.0: Activating ISA DMA hang workarounds
[    0.308252] pci 0000:00:02.0: Video device with shadowed ROM at [mem 0x000c0000-0x000dffff]
[    0.309645] Unpacking initramfs...
[    0.559472] Freeing initrd memory: 19204K
[    0.560391] clocksource: tsc: mask: 0xffffffffffffffff max_cycles: 0x2564731a9ee, max_idle_ns: 440795300093 ns
[    0.561965] platform rtc_cmos: registered platform RTC device (no PNP device found)
[    0.563198] Scanning for low memory corruption every 60 seconds
[    0.564798] Initialise system trusted keyrings
[    0.565591] Key type blacklist registered
[    0.566327] workingset: timestamp_bits=36 max_order=18 bucket_order=0
[    0.568329] zbud: loaded
[    0.569299] squashfs: version 4.0 (2009/01/31) Phillip Lougher
[    0.570424] fuse init (API version 7.26)
[    0.573734] Key type asymmetric registered
[    0.574409] Asymmetric key parser 'x509' registered
[    0.575218] Block layer SCSI generic (bsg) driver version 0.4 loaded (major 246)
[    0.576528] io scheduler noop registered
[    0.577178] io scheduler deadline registered
[    0.577887] io scheduler cfq registered (default)
[    0.578937] ACPI: AC Adapter [AC] (on-line)
[    0.579679] input: Power Button as /devices/LNXSYSTM:00/LNXPWRBN:00/input/input0
[    0.580961] ACPI: Power Button [PWRF]
[    0.581632] input: Sleep Button as /devices/LNXSYSTM:00/LNXSLPBN:00/input/input1
[    0.582807] ACPI: Sleep Button [SLPF]
[    0.584450] ACPI: Battery Slot [BAT0] (battery present)
[    0.585473] Serial: 8250/16550 driver, 32 ports, IRQ sharing enabled
[    0.607197] 00:02: ttyS0 at I/O 0x3f8 (irq = 4, base_baud = 115200) is a 16550A
[    0.611651] Linux agpgart interface v0.103
[    0.614186] loop: module loaded
[    0.615321] scsi host0: ata_piix
[    0.616046] scsi host1: ata_piix
[    0.616701] ata1: PATA max UDMA/33 cmd 0x1f0 ctl 0x3f6 bmdma 0xd000 irq 14
[    0.617747] ata2: PATA max UDMA/33 cmd 0x170 ctl 0x376 bmdma 0xd008 irq 15
[    0.618942] libphy: Fixed MDIO Bus: probed
[    0.619652] tun: Universal TUN/TAP device driver, 1.6
[    0.620574] PPP generic driver version 2.4.2
[    0.621418] ehci_hcd: USB 2.0 'Enhanced' Host Controller (EHCI) Driver
[    0.622438] ehci-pci: EHCI PCI platform driver
[    0.623171] ehci-platform: EHCI generic platform driver
[    0.623996] ohci_hcd: USB 1.1 'Open' Host Controller (OHCI) Driver
[    0.625005] ohci-pci: OHCI PCI platform driver
[    0.625736] ohci-platform: OHCI generic platform driver
[    0.626561] uhci_hcd: USB Universal Host Controller Interface driver
[    0.627598] i8042: PNP: PS/2 Controller [PNP0303:PS2K,PNP0f03:PS2M] at 0x60,0x64 irq 1,12
[    0.629366] serio: i8042 KBD port at 0x60,0x64 irq 1
[    0.630180] serio: i8042 AUX port at 0x60,0x64 irq 12
[    0.631197] mousedev: PS/2 mouse device common for all mice
[    0.632806] input: AT Translated Set 2 keyboard as /devices/platform/i8042/serio0/input/input2
[    0.634449] rtc_cmos rtc_cmos: rtc core: registered rtc_cmos as rtc0
[    0.635498] rtc_cmos rtc_cmos: alarms up to one day, 114 bytes nvram
[    0.636522] i2c /dev entries driver
[    0.637154] device-mapper: uevent: version 1.0.3
[    0.638017] device-mapper: ioctl: 4.37.0-ioctl (2017-09-20) initialised: dm-devel@redhat.com
[    0.639396] ledtrig-cpu: registered to indicate activity on CPUs
[    0.640903] NET: Registered protocol family 10
[    0.647904] Segment Routing with IPv6
[    0.648639] NET: Registered protocol family 17
[    0.649441] Key type dns_resolver registered
[    0.650437] mce: Using 0 MCE banks
[    0.651022] RAS: Correctable Errors collector initialized.
[    0.651898] sched_clock: Marking stable (650403875, 0)->(793233548, -142829673)
[    0.653738] registered taskstats version 1
[    0.654575] Loading compiled-in X.509 certificates
[    0.659522] Loaded X.509 cert 'Build time autogenerated kernel key: 244b473b43e18b01f00e37a87f2ecd28620f0244'
[    0.661585] zswap: loaded using pool lzo/zbud
[    0.668292] Key type big_key registered
[    0.669073] Key type trusted registered
[    0.672456] Key type encrypted registered
[    0.673303] AppArmor: AppArmor sha1 policy hashing enabled
[    0.674342] ima: No TPM chip found, activating TPM-bypass! (rc=-19)
[    0.675580] ima: Allocated hash algorithm: sha1
[    0.676679] evm: HMAC attrs: 0x1
[    0.677738]   Magic number: 4:22:982
[    0.678703] rtc_cmos rtc_cmos: setting system clock to 2020-05-07 10:59:16 UTC (1588849156)
[    0.680810] BIOS EDD facility v0.16 2004-Jun-25, 0 devices found
[    0.682109] EDD information not available.
[    0.806939] Freeing unused kernel image memory: 2432K
[    0.820112] Write protecting the kernel read-only data: 20480k
[    0.823872] Freeing unused kernel image memory: 2008K
[    0.825859] Freeing unused kernel image memory: 1880K
[    0.835023] x86/mm: Checked W+X mappings: passed, no W+X pages found.
[    0.836262] x86/mm: Checking user space page tables
[    0.843660] x86/mm: Checked W+X mappings: passed, no W+X pages found.
Loading, please wait...
starting version 237
[    0.932854] Fusion MPT base driver 3.04.20
[    0.933841] Copyright (c) 1999-2008 LSI Corporation
[    0.950502] e1000: Intel(R) PRO/1000 Network Driver - version 7.3.21-k8-NAPI
[    0.952187] e1000: Copyright (c) 1999-2006 Intel Corporation.
[    0.971167] AVX version of gcm_enc/dec engaged.
[    0.972186] AES CTR mode by8 optimization enabled
[    0.981264] Fusion MPT SPI Host driver 3.04.20
[    1.161497] input: ImExPS/2 Generic Explorer Mouse as /devices/platform/i8042/serio1/input/input4
[    1.336160] e1000 0000:00:03.0 eth0: (PCI:33MHz:32-bit) 02:39:1d:43:44:b0
[    1.337317] e1000 0000:00:03.0 eth0: Intel(R) PRO/1000 Network Connection
[    1.339592] mptbase: ioc0: Initiating bringup
[    1.341649] e1000 0000:00:03.0 enp0s3: renamed from eth0
[    1.436600] ioc0: LSI53C1030 A0: Capabilities={Initiator}
[    2.207879] scsi host2: ioc0: LSI53C1030 A0, FwRev=00000000h, Ports=1, MaxQ=256, IRQ=20
[    3.963359] scsi 2:0:0:0: Direct-Access     VBOX     HARDDISK         1.0  PQ: 0 ANSI: 5
[    4.000140] scsi target2:0:0: Beginning Domain Validation
[    4.006052] scsi target2:0:0: Domain Validation skipping write tests
[    4.008611] scsi target2:0:0: Ending Domain Validation
[    4.010917] scsi target2:0:0: asynchronous
[    4.013701] scsi 2:0:1:0: Direct-Access     VBOX     HARDDISK         1.0  PQ: 0 ANSI: 5
[    4.044161] scsi target2:0:1: Beginning Domain Validation
[    4.050439] random: fast init done
[    4.052431] scsi target2:0:1: Domain Validation skipping write tests
[    4.054688] scsi target2:0:1: Ending Domain Validation
[    4.056466] scsi target2:0:1: asynchronous
[    4.065945] random: systemd-udevd: uninitialized urandom read (16 bytes read)
[    4.067296] random: systemd-udevd: uninitialized urandom read (16 bytes read)
[    4.068552] random: systemd-udevd: uninitialized urandom read (16 bytes read)
[    4.070403] sd 2:0:0:0: [sda] 20971520 512-byte logical blocks: (10.7 GB/10.0 GiB)
[    4.072142] sd 2:0:0:0: [sda] Write Protect is off
[    4.073062] sd 2:0:0:0: Attached scsi generic sg0 type 0
[    4.074152] sd 2:0:0:0: [sda] Incomplete mode parameter data
[    4.075181] sd 2:0:0:0: [sda] Assuming drive cache: write through
[    4.077349] sd 2:0:1:0: [sdb] 20480 512-byte logical blocks: (10.5 MB/10.0 MiB)
[    4.078759] sd 2:0:1:0: [sdb] Write Protect is off
[    4.079788] sd 2:0:1:0: [sdb] Incomplete mode parameter data
[    4.081367] sd 2:0:1:0: [sdb] Assuming drive cache: write through
[    4.082815] sd 2:0:1:0: Attached scsi generic sg1 type 0
[    4.234569]  sda: sda1
[    4.239440] sd 2:0:0:0: [sda] Attached SCSI disk
[    4.243589] sd 2:0:1:0: [sdb] Attached SCSI disk
Begin: Loading essential drivers ... [    5.700049] raid6: sse2x1   gen()  8012 MB/s
[    5.748043] raid6: sse2x1   xor()  6801 MB/s
[    5.796048] raid6: sse2x2   gen() 11291 MB/s
[    5.844043] raid6: sse2x2   xor()  7514 MB/s
[    5.892045] raid6: sse2x4   gen() 13492 MB/s
[    5.940043] raid6: sse2x4   xor()  9071 MB/s
[    5.940941] raid6: using algorithm sse2x4 gen() 13492 MB/s
[    5.942021] raid6: .... xor() 9071 MB/s, rmw enabled
[    5.943002] raid6: using ssse3x2 recovery algorithm
[    5.946239] xor: automatically using best checksumming function   avx       
[    5.953074] async_tx: api initialized (async)
done.
Begin: Running /scripts/init-premount ... done.
Begin: Mounting root file system ... Begin: Running /scripts/local-top ... done.
Begin: Running /scripts/local-premount ... [    6.015399] Btrfs loaded, crc32c=crc32c-intel
Scanning for Btrfs filesystems
done.
Warning: fsck not present, so skipping root file system
[    6.161991] EXT4-fs (sda1): mounted filesystem with ordered data mode. Opts: (null)
done.
Begin: Running /scripts/local-bottom ... done.
Begin: Running /scripts/init-bottom ... done.
[    6.421454] ip_tables: (C) 2000-2006 Netfilter Core Team
[    6.437342] systemd[1]: systemd 237 running in system mode. (+PAM +AUDIT +SELINUX +IMA +APPARMOR +SMACK +SYSVINIT +UTMP +LIBCRYPTSETUP +GCRYPT +GNUTLS +ACL +XZ +LZ4 +SECCOMP +BLKID +ELFUTILS +KMOD -IDN2 +IDN -PCRE2 default-hierarchy=hybrid)
[    6.443199] systemd[1]: Detected virtualization oracle.
[    6.444745] systemd[1]: Detected architecture x86-64.

Welcome to [1mUbuntu 18.04.4 LTS[0m!

[    6.465245] systemd[1]: Set hostname to <ubuntu>.
[    6.472346] systemd[1]: Initializing machine ID from random generator.
[    6.474632] systemd[1]: Installed transient /etc/machine-id file.
[    6.818945] systemd[1]: Created slice System Slice.
[[0;32m  OK  [0m] Created slice System Slice.
[    6.820971] systemd[1]: Listening on udev Control Socket.
[[0;32m  OK  [0m] Listening on udev Control Socket.
[    6.832330] systemd[1]: Listening on Syslog Socket.
[[0;32m  OK  [0m] Listening on Syslog Socket.
[    6.834898] systemd[1]: Listening on Device-mapper event daemon FIFOs.
[[0;32m  OK  [0m] Listening on Device-mapper event daemon FIFOs.
[[0;32m  OK  [0m] Listening on LVM2 metadata daemon socket.
[[0;32m  OK  [0m] Reached target System Time Synchronized.
[[0;32m  OK  [0m] Listening on /dev/initctl Compatibility Named Pipe.
[[0;32m  OK  [0m] Listening on Network Service Netlink Socket.
[[0;32m  OK  [0m] Set up automount Arbitrary Executabâ€¦rmats File System Automount Point.
[[0;32m  OK  [0m] Created slice system-serial\x2dgetty.slice.
[[0;32m  OK  [0m] Listening on Journal Socket (/dev/log).
[[0;32m  OK  [0m] Listening on udev Kernel Socket.
[[0;32m  OK  [0m] Listening on Journal Socket.
         Starting Monitoring of LVM2 mirrorsâ€¦ng dmeventd or progress polling...
         Mounting Huge Pages File System...
         Starting Uncomplicated firewall...
         Starting Load Kernel Modules...
         Mounting POSIX Message Queue File System...
[[0;32m  OK  [0m] Created slice User and Session Slice.
[[0;32m  OK  [0m] Reached target Slices.
[[0;32m  OK  [0m] Reached target User and Group Name Lookups.
         Starting Remount Root and Kernel File Systems...
[[0;32m  OK  [0m] Listening on Journal Audit Socket.
         Starting Journal Service...
[[0;32m  OK  [0m] Listening on LVM2 poll daemon socket.
         Mounting Kernel Debug File System...
         Starting Set the console keyboard layout...
         Starting Create list of required stâ€¦ce nodes for the current kernel...
[[0;32m  OK  [0m] Started Forward Password Requests to Wall Directory Watch.
         Starting udev Coldplug all Devices...
[[0;32m  OK  [0m] Reached target Swap.
[[0;32m  OK  [0m] Mounted Huge Pages File System.
[[0;32m  OK  [0m] Started Uncomplicated firewall.
[[0;32m  OK  [0m] Mounted POSIX Message Queue File System.
[[0;32m  OK  [0m] Mounted Kernel Debug File System.
[[0;32m  OK  [0m] Started LVM2 metadata daemon.
[    6.941552] Loading iSCSI transport class v2.0-870.
[    6.954753] iscsi: registered transport (tcp)
[[0;32m  OK  [0m] Started Create list of required staâ€¦vice nodes for the current kernel.
         Starting Create Static Device Nodes in /dev...
[[0;32m  OK  [0m] Started Journal Service.
[[0;32m  OK  [0m] Started udev Coldplug all Devices.
[    7.060131] EXT4-fs (sda1): re-mounted. Opts: (null)
[[0;32m  OK  [0m] Started Remount Root and Kernel File Systems.
         Starting Flush Journal to Persistent Storage...
         Starting Load/Save Random Seed...
[[0;32m  OK  [0m] Started Monitoring of LVM2 mirrors,â€¦sing dmeventd or progress polling.
[[0;32m  OK  [0m] Started Create Static Device Nodes in /dev.
         Starting udev Kernel Device Manager...
[    7.122616] iscsi: registered transport (iser)
[[0;32m  OK  [0m] Started Load Kernel Modules.
         Starting Apply Kernel Variables...
         Mounting Kernel Configuration File System...
         Mounting FUSE Control File System...
[[0;32m  OK  [0m] Mounted Kernel Configuration File System.
[[0;32m  OK  [0m] Mounted FUSE Control File System.
[    7.138351] systemd-journald[388]: Received request to flush runtime journal from PID 1
[[0;32m  OK  [0m] Started Load/Save Random Seed.
[[0;32m  OK  [0m] Started udev Kernel Device Manager.
[[0;32m  OK  [0m] Started Apply Kernel Variables.
[[0;32m  OK  [0m] Started Set the console keyboard layout.
[[0;32m  OK  [0m] Started Dispatch Password Requests to Console Directory Watch.
[[0;32m  OK  [0m] Reached target Local Encrypted Volumes.
[[0;32m  OK  [0m] Reached target Local File Systems (Pre).
[[0;32m  OK  [0m] Reached target Local File Systems.
         Starting Tell Plymouth To Write Out Runtime Data...
         Starting Set console font and keymap...
         Starting AppArmor initialization...
         Starting ebtables ruleset management...
         Starting Commit a transient machine-id on disk...
[[0;32m  OK  [0m] Started Flush Journal to Persistent Storage.
         Starting Create Volatile Files and Directories...
[[0;32m  OK  [0m] Started Tell Plymouth To Write Out Runtime Data.
[[0;32m  OK  [0m] Started Set console font and keymap.
[[0;32m  OK  [0m] Started Create Volatile Files and Directories.
         Starting Update UTMP about System Boot/Shutdown...
[[0;32m  OK  [0m] Started Update UTMP about System Boot/Shutdown.
[[0;32m  OK  [0m] Started Commit a transient machine-id on disk.
[[0;32m  OK  [0m] Started ebtables ruleset management.
[[0;32m  OK  [0m] Found device /dev/ttyS0.
[[0;32m  OK  [0m] Listening on Load/Save RF Kill Switch Status /dev/rfkill Watch.
[[0;32m  OK  [0m] Started AppArmor initialization.
         Starting Initial cloud-init job (pre-networking)...
[   10.491556] cloud-init[539]: Cloud-init v. 19.4-33-gbb4131a2-0ubuntu1~18.04.1 running 'init-local' at Thu, 07 May 2020 10:59:25 +0000. Up 9.76 seconds.
[[0;32m  OK  [0m] Started Initial cloud-init job (pre-networking).
[[0;32m  OK  [0m] Reached target Network (Pre).
         Starting Network Service...
[[0;32m  OK  [0m] Started Network Service.
         Starting Network Name Resolution...
         Starting Wait for Network to be Configured...
[[0;32m  OK  [0m] Started Network Name Resolution.
[[0;32m  OK  [0m] Reached target Network.
[[0;32m  OK  [0m] Reached target Host and Network Name Lookups.
[[0;32m  OK  [0m] Started Wait for Network to be Configured.
         Starting Initial cloud-init job (metadata service crawler)...
[   12.635497] cloud-init[656]: Cloud-init v. 19.4-33-gbb4131a2-0ubuntu1~18.04.1 running 'init' at Thu, 07 May 2020 10:59:28 +0000. Up 12.23 seconds.
[   12.648319] cloud-init[656]: ci-info: ++++++++++++++++++++++++++++++++++++++Net device info++++++++++++++++++++++++++++++++++++++
[   12.650038] cloud-init[656]: ci-info: +--------+------+----------------------------+---------------+--------+-------------------+
[   12.651828] cloud-init[656]: ci-info: | Device |  Up  |          Address           |      Mask     | Scope  |     Hw-Address    |
[   12.653740] cloud-init[656]: ci-info: +--------+------+----------------------------+---------------+--------+-------------------+
[   12.656160] cloud-init[656]: ci-info: | enp0s3 | True |         10.0.2.15          | 255.255.255.0 | global | 02:39:1d:43:44:b0 |
[   12.658347] cloud-init[656]: ci-info: | enp0s3 | True | fe80::39:1dff:fe43:44b0/64 |       .       |  link  | 02:39:1d:43:44:b0 |
[   12.660057] cloud-init[656]: ci-info: |   lo   | True |         127.0.0.1          |   255.0.0.0   |  host  |         .         |
[   12.661717] cloud-init[656]: ci-info: |   lo   | True |          ::1/128           |       .       |  host  |         .         |
[   12.663342] cloud-init[656]: ci-info: +--------+------+----------------------------+---------------+--------+-------------------+
[   12.664991] cloud-init[656]: ci-info: ++++++++++++++++++++++++++++Route IPv4 info+++++++++++++++++++++++++++++
[   12.666403] cloud-init[656]: ci-info: +-------+-------------+----------+-----------------+-----------+-------+
[   12.667888] cloud-init[656]: ci-info: | Route | Destination | Gateway  |     Genmask     | Interface | Flags |
[   12.669576] cloud-init[656]: ci-info: +-------+-------------+----------+-----------------+-----------+-------+
[   12.671021] cloud-init[656]: ci-info: |   0   |   0.0.0.0   | 10.0.2.2 |     0.0.0.0     |   enp0s3  |   UG  |
[   12.673124] cloud-init[656]: ci-info: |   1   |   10.0.2.0  | 0.0.0.0  |  255.255.255.0  |   enp0s3  |   U   |
[   12.674548] cloud-init[656]: ci-info: |   2   |   10.0.2.2  | 0.0.0.0  | 255.255.255.255 |   enp0s3  |   UH  |
[   12.675946] cloud-init[656]: ci-info: +-------+-------------+----------+-----------------+-----------+-------+
[   12.677839] cloud-init[656]: ci-info: +++++++++++++++++++Route IPv6 info+++++++++++++++++++
[   12.679318] cloud-init[656]: ci-info: +-------+-------------+---------+-----------+-------+
[   12.680636] cloud-init[656]: ci-info: | Route | Destination | Gateway | Interface | Flags |
[   12.681722] cloud-init[656]: ci-info: +-------+-------------+---------+-----------+-------+
[   12.682929] cloud-init[656]: ci-info: |   1   |  fe80::/64  |    ::   |   enp0s3  |   U   |
[   12.684172] cloud-init[656]: ci-info: |   3   |    local    |    ::   |   enp0s3  |   U   |
[   12.685529] cloud-init[656]: ci-info: |   4   |   ff00::/8  |    ::   |   enp0s3  |   U   |
[   12.686619] cloud-init[656]: ci-info: +-------+-------------+---------+-----------+-------+
[   13.973037] cloud-init[656]: Generating public/private rsa key pair.
[   13.974344] cloud-init[656]: Your identification has been saved in /etc/ssh/ssh_host_rsa_key.
[   13.975527] cloud-init[656]: Your public key has been saved in /etc/ssh/ssh_host_rsa_key.pub.
[   13.976927] cloud-init[656]: The key fingerprint is:
[   13.988670] cloud-init[656]: SHA256:Wa7r32zds9plyNnOyS+KXY8xspWswzs+P/F5x/Lbf/k root@ubuntu-bionic
[   13.990826] cloud-init[656]: The key's randomart image is:
[   13.992171] cloud-init[656]: +---[RSA 2048]----+
[   14.004392] cloud-init[656]: |                 |
[   14.005503] cloud-init[656]: |                 |
[   14.006626] cloud-init[656]: |          .      |
[   14.007765] cloud-init[656]: |         +       |
[   14.020410] cloud-init[656]: |        S .      |
[   14.023833] cloud-init[656]: |         .   o.= |
[   14.025246] cloud-init[656]: |        .  ...@=*|
[   14.026468] cloud-init[656]: |         . =**B%@|
[   14.036373] cloud-init[656]: |       .o.ooXO+@E|
[   14.037680] cloud-init[656]: +----[SHA256]-----+
[   14.038896] cloud-init[656]: Generating public/private dsa key pair.
[   14.041290] cloud-init[656]: Your identification has been saved in /etc/ssh/ssh_host_dsa_key.
[   14.044713] cloud-init[656]: Your public key has been saved in /etc/ssh/ssh_host_dsa_key.pub.
[   14.046432] cloud-init[656]: The key fingerprint is:
[   14.047720] cloud-init[656]: SHA256:er+Dbujih66JhANCMABHexld6yhV9V7X94jcHOfRyHo root@ubuntu-bionic
[   14.049813] cloud-init[656]: The key's randomart image is:
[   14.051270] cloud-init[656]: +---[DSA 1024]----+
[   14.052751] cloud-init[656]: |B.o .. .o..      |
[   14.054232] cloud-init[656]: |.o . o.. . . . .o|
[[0;32m  OK  [0m] Started Initial cloud-init job (metadata service crawler).
[   14.065207] cloud-init[656]: [[0;32m  OK  [0m] Reached target Network is Online.
| .. o . .   . =.*|
[   14.066510] cloud-init[656]: |.  . . o   o * *+|
[   14.067397] cloud-init[656]: |o   . . S   = E o|
[   14.080392] cloud-init[656]: |+    . .     .   |
[   14.081592] cloud-init[656]: |o.   .....       |
[   14.082648] cloud-init[656]: |.o .o o.o..      |
[   14.083893] cloud-init[656]: |. o+o+.o. oo     |
[   14.084973] cloud-init[656]: +----[SHA256]-----+
[   14.085702] cloud-init[656]: Generating public/private ecdsa key pair.
[   14.087221] cloud-init[656]: Your identification has been saved in /etc/ssh/ssh_host_ecdsa_key.
[   14.090466] cloud-init[656]: Your public key has been saved in /etc/ssh/ssh_host_ecdsa_key.pub.
[   14.093285] cloud-init[656]: The key fingerprint is:
[   14.095110] cloud-init[656]: SHA256:pVoHWJc8bC5ZxPXwjIzTwqEWJkmuvZYUkvPfv987yaQ root@ubuntu-bionic
[   14.097792] cloud-init[656]: The key's randomart image is:
[   14.098670] cloud-init[656]: +---[ECDSA 256]---+
[   14.099654] cloud-init[656]: |     .o.+=+oo    |
[   14.100902] cloud-init[656]: |     o.= =O= *   |
[   14.104259] cloud-init[656]: |    + + +=*.+ +  |
[   14.104904] cloud-init[656]: |     * oo+.o     |
[   14.105915] cloud-init[656]: |    . + S..      |
[   14.107086] cloud-init[656]: |     . * o     . |
[   14.116223] cloud-init[656]: |      = . .   + .|
[   14.117049] cloud-init[656]: |     .     . E = |
[   14.117817] cloud-init[656]: |            oo..+|
[   14.118587] cloud-init[656]: +----[SHA256]-----+
[   14.119454] cloud-init[656]: Generating public/private ed25519 key pair.
[   14.120446] cloud-init[656]: Your identification has been saved in /etc/ssh/ssh_host_ed25519_key.
[   14.121834] cloud-init[656]: Your public key has been saved in /etc/ssh/ssh_host_ed25519_key.pub.
[   14.123540] cloud-init[656]: The key fingerprint is:
[   14.124877] cloud-init[656]: SHA256:1ZEmFK0H207ie/6N8qMUoQ2mKc1Xf6SR7IoWdp/yzYg root@ubuntu-bionic
[   14.126537] cloud-init[656]: The key's randomart image is:
[   14.127499] cloud-init[656]: +--[ED25519 256]--+
[   14.140362] cloud-init[656]: |         .oo..   |
[   14.141921] cloud-init[656]: |          o.+o . |
[   14.143512] cloud-init[656]: |          +B+ + .|
[   14.145128] cloud-init[656]: |       o =+=++ + |
[   14.146628] cloud-init[656]: |      . S.==+ + .|
[   14.148148] cloud-init[656]: |       . o.+.+ o |
[   14.149731] cloud-init[656]: |          o.+ o  |
[   14.151110] cloud-init[656]: |         ...o+.* |
[   14.152307] cloud-init[656]: |           oE=*.+|
[   14.153372] cloud-init[656]: +----[SHA256]-----+
         Starting Availability of block devices...
[[0;32m  OK  [0m] Reached target Remote File Systems (Pre).
[[0;32m  OK  [0m] Reached target Remote File Systems.
[[0;32m  OK  [0m] Reached target Cloud-config availability.
[[0;32m  OK  [0m] Reached target System Initialization.
[[0;32m  OK  [0m] Started ACPI Events Check.
[[0;32m  OK  [0m] Started Message of the Day.
[[0;32m  OK  [0m] Listening on Open-iSCSI iscsid Socket.
[[0;32m  OK  [0m] Started Discard unused blocks once a week.
[[0;32m  OK  [0m] Started Daily apt download activities.
[[0;32m  OK  [0m] Started Daily apt upgrade and clean activities.
[[0;32m  OK  [0m] Listening on UUID daemon activation socket.
[[0;32m  OK  [0m] Listening on ACPID Listen Socket.
[[0;32m  OK  [0m] Started Daily Cleanup of Temporary Directories.
[[0;32m  OK  [0m] Reached target Timers.
[[0;32m  OK  [0m] Listening on D-Bus System Message Bus Socket.
         Starting LXD - unix socket.
         Starting Socket activation for snappy daemon.
[[0;32m  OK  [0m] Reached target Paths.
[[0;32m  OK  [0m] Started Availability of block devices.
[[0;32m  OK  [0m] Listening on LXD - unix socket.
[[0;32m  OK  [0m] Listening on Socket activation for snappy daemon.
[[0;32m  OK  [0m] Reached target Sockets.
[[0;32m  OK  [0m] Reached target Basic System.
         Starting LSB: Record successful boot for GRUB...
         Starting Permit User Sessions...
         Starting LSB: automatic crash report generation...
         Starting Login Service...
         Starting Pollinate to seed the pseudo random number generator...
[[0;32m  OK  [0m] Started FUSE filesystem for LXC.
         Starting Accounts Service...
[[0;32m  OK  [0m] Started Deferred execution scheduler.
[[0;32m  OK  [0m] Started Regular background program processing daemon.
[[0;32m  OK  [0m] Started D-Bus System Message Bus.
[[0;32m  OK  [0m] Started Login Service.
[[0;32m  OK  [0m] Started irqbalance daemon.
         Starting Dispatcher daemon for systemd-networkd...
         Starting System Logging Service...
[[0;32m  OK  [0m] Started Unattended Upgrades Shutdown.
         Starting Virtualbox guest utils...
         Starting LXD - container startup/shutdown...
         Starting Snappy daemon...
[[0;32m  OK  [0m] Started System Logging Service.
[[0;32m  OK  [0m] Started Permit User Sessions.
         Starting Authorization Manager...
         Starting Terminate Plymouth Boot Screen...
         Starting Hold until boot process finishes up...
[[0;32m  OK  [0m] Started Hold until boot process finishes up.
[[0;32m  OK  [0m] Started Serial Getty on ttyS0.
         Starting Set console scheme...
[[0;32m  OK  [0m] Started Terminate Plymouth Boot Screen.
[[0;32m  OK  [0m] Started LSB: automatic crash report generation.
[[0;32m  OK  [0m] Started Set console scheme.
[[0;32m  OK  [0m] Started LSB: Record successful boot for GRUB.
[[0;32m  OK  [0m] Created slice system-getty.slice.
[[0;32m  OK  [0m] Started Getty on tty1.
[[0;32m  OK  [0m] Reached target Login Prompts.
[[0;32m  OK  [0m] Started Authorization Manager.
[[0;32m  OK  [0m] Started Accounts Service.
[[0;32m  OK  [0m] Started Virtualbox guest utils.
[[0;32m  OK  [0m] Started LXD - container startup/shutdown.
[[0;32m  OK  [0m] Started Dispatcher daemon for systemd-networkd.
[[0;32m  OK  [0m] Started Snappy daemon.
         Starting Wait until snapd is fully seeded...
[[0;32m  OK  [0m] Started Pollinate to seed the pseudo random number generator.
         Starting OpenBSD Secure Shell server...
[[0;32m  OK  [0m] Started OpenBSD Secure Shell server.
[[0;32m  OK  [0m] Created slice User Slice of vagrant.
         Starting User Manager for UID 1000...
[[0;32m  OK  [0m] Started Session 1 of user vagrant.
[[0;32m  OK  [0m] Started User Manager for UID 1000.
[[0;32m  OK  [0m] Started Wait until snapd is fully seeded.
[[0;32m  OK  [0m] Reached target Multi-User System.
[[0;32m  OK  [0m] Reached target Graphical Interface.
         Starting Update UTMP about System Runlevel Changes...
         Starting Apply the settings specified in cloud-config...
[[0;32m  OK  [0m] Started Update UTMP about System Runlevel Changes.
[   18.613597] cloud-init[1188]: Cloud-init v. 19.4-33-gbb4131a2-0ubuntu1~18.04.1 running 'modules:config' at Thu, 07 May 2020 10:59:33 +0000. Up 17.60 seconds.
[[0;32m  OK  [0m] Started Apply the settings specified in cloud-config.
         Starting Execute cloud user/final scripts...
ci-info: no authorized SSH keys fingerprints found for user ubuntu.
<14>May  7 10:59:35 ec2: 
<14>May  7 10:59:35 ec2: #############################################################
<14>May  7 10:59:35 ec2: -----BEGIN SSH HOST KEY FINGERPRINTS-----
<14>May  7 10:59:35 ec2: 1024 SHA256:er+Dbujih66JhANCMABHexld6yhV9V7X94jcHOfRyHo root@ubuntu-bionic (DSA)
<14>May  7 10:59:35 ec2: 256 SHA256:pVoHWJc8bC5ZxPXwjIzTwqEWJkmuvZYUkvPfv987yaQ root@ubuntu-bionic (ECDSA)
<14>May  7 10:59:35 ec2: 256 SHA256:1ZEmFK0H207ie/6N8qMUoQ2mKc1Xf6SR7IoWdp/yzYg root@ubuntu-bionic (ED25519)
<14>May  7 10:59:35 ec2: 2048 SHA256:Wa7r32zds9plyNnOyS+KXY8xspWswzs+P/F5x/Lbf/k root@ubuntu-bionic (RSA)
<14>May  7 10:59:35 ec2: -----END SSH HOST KEY FINGERPRINTS-----
<14>May  7 10:59:35 ec2: #############################################################
-----BEGIN SSH HOST KEY KEYS-----
ecdsa-sha2-nistp256 AAAAE2VjZHNhLXNoYTItbmlzdHAyNTYAAAAIbmlzdHAyNTYAAABBBK22iJ2a0e89o9n1I2O9u5nY4wOyMa+gw2cv/y2+uzUvR1Wd4voPMOe+da90IdtyhBq6Es+AB6st+lb+EffQ254= root@ubuntu-bionic
ssh-ed25519 AAAAC3NzaC1lZDI1NTE5AAAAIPP1fp52RsREKFI6yZ3LVa7Pax67ZKm+f7BwvXfQLaD1 root@ubuntu-bionic
ssh-rsa AAAAB3NzaC1yc2EAAAADAQABAAABAQC5BBMuODkLN+lFNAZQDYCy8QwbJfOTIxb8HsA2AVzYkwdfpS2B2lYwa1A9VCnTW04Rvol6igKM1yDmdemMeFS2Zs0dXFTzWwQmkt+wd2HLgvhuHqnNj3LGe5On7ZX1HSBVCP86n8PrKzsZchSyE6YCpp6hXzraFPxgQPTXqgbwWIGfllAWiW7iw6SuPL8E3JNmwr0+Q5v+KkYu88T6ZklQhwgZggIUKtwXmi2V0yGSC8a2IVrM51EnL0lRzeZp5ga8FdAXrhFmGsrYuHY0or2bZ/xBkTWF4kTj4vhltCIxOFGu9IpKyr6uOn7QubwtI8CL5nc7t6OXtyObyZwCnxAR root@ubuntu-bionic
-----END SSH HOST KEY KEYS-----
[   19.490537] cloud-init[1308]: Cloud-init v. 19.4-33-gbb4131a2-0ubuntu1~18.04.1 running 'modules:final' at Thu, 07 May 2020 10:59:35 +0000. Up 19.27 seconds.
[   19.492490] cloud-init[1308]: ci-info: no authorized SSH keys fingerprints found for user ubuntu.
[   19.505111] cloud-init[1308]: Cloud-init v. 19.4-33-gbb4131a2-0ubuntu1~18.04.1 finished at Thu, 07 May 2020 10:59:35 +0000. Datasource DataSourceNoCloud [seed=/dev/sdb][dsmode=net].  Up 19.47 seconds
[[0;32m  OK  [0m] Started Execute cloud user/final scripts.
[[0;32m  OK  [0m] Reached target Cloud-init target.

Ubuntu 18.04.4 LTS ubuntu-bionic ttyS0

ubuntu-bionic login: 